2020-03-10 17:18:39,844:WARNING:_internal
2020-03-10 17:18:39,851:INFO:_internal
2020-03-10 17:18:39,855:INFO:_internal
2020-03-10 17:40:43,786:INFO:_internal
2020-03-10 17:40:44,819:WARNING:_internal
2020-03-10 17:40:44,825:INFO:_internal
2020-03-10 17:40:45,011:INFO:_internal
2020-03-10 17:46:20,771:INFO:_internal
2020-03-10 17:46:21,284:WARNING:_internal
2020-03-10 17:46:21,291:INFO:_internal
2020-03-10 17:46:21,295:INFO:_internal
2020-03-10 17:46:33,702:INFO:_internal
2020-03-10 17:46:34,069:INFO:_internal
2020-03-10 17:46:34,572:WARNING:_internal
2020-03-10 17:46:34,578:INFO:_internal
2020-03-10 17:46:34,583:INFO:_internal
2020-03-10 17:46:39,756:INFO:_internal
2020-03-10 17:46:40,092:INFO:_internal
2020-03-10 17:46:40,595:WARNING:_internal
2020-03-10 17:46:40,601:INFO:_internal
2020-03-10 17:46:40,606:INFO:_internal
2020-03-10 17:46:46,802:INFO:_internal
2020-03-10 17:46:47,311:INFO:_internal
2020-03-10 17:46:47,871:WARNING:_internal
2020-03-10 17:46:47,877:INFO:_internal
2020-03-10 17:46:47,881:INFO:_internal
2020-03-10 17:46:49,960:INFO:_internal
2020-03-10 17:46:50,394:INFO:_internal
2020-03-10 17:46:50,908:WARNING:_internal
2020-03-10 17:46:50,914:INFO:_internal
2020-03-10 17:46:50,919:INFO:_internal
2020-03-10 17:46:59,198:INFO:_internal
2020-03-10 17:46:59,627:INFO:_internal
2020-03-10 17:47:00,167:WARNING:_internal
2020-03-10 17:47:00,176:INFO:_internal
2020-03-10 17:47:00,180:INFO:_internal
2020-03-10 17:47:09,528:INFO:_internal
2020-03-10 17:47:10,057:WARNING:_internal
2020-03-10 17:47:10,063:INFO:_internal
2020-03-10 17:47:10,067:INFO:_internal
2020-03-10 17:47:13,811:INFO:_internal
2020-03-10 17:47:14,342:WARNING:_internal
2020-03-10 17:47:14,348:INFO:_internal
2020-03-10 17:47:14,352:INFO:_internal
2020-03-10 17:47:22,617:INFO:_internal
2020-03-10 17:47:23,059:INFO:_internal
2020-03-10 17:47:23,635:WARNING:_internal
2020-03-10 17:47:23,642:INFO:_internal
2020-03-10 17:47:23,829:INFO:_internal
2020-03-10 17:47:25,706:INFO:_internal
2020-03-10 17:47:26,157:INFO:_internal
2020-03-10 17:47:26,681:WARNING:_internal
2020-03-10 17:47:26,687:INFO:_internal
2020-03-10 17:47:26,691:INFO:_internal
2020-03-10 17:47:28,751:INFO:_internal
2020-03-10 17:47:29,196:INFO:_internal
2020-03-10 17:47:29,711:WARNING:_internal
2020-03-10 17:47:29,717:INFO:_internal
2020-03-10 17:47:29,720:INFO:_internal
2020-03-10 17:47:41,751:INFO:_internal
2020-03-10 17:48:39,064:INFO:_internal
2020-03-10 17:48:39,305:INFO:_internal
2020-03-10 17:48:39,878:WARNING:_internal
2020-03-10 17:48:39,885:INFO:_internal
2020-03-10 17:48:40,074:INFO:_internal
2020-03-10 17:49:24,159:INFO:_internal
2020-03-10 17:49:24,690:WARNING:_internal
2020-03-10 17:49:24,696:INFO:_internal
2020-03-10 17:49:24,700:INFO:_internal
2020-03-10 17:49:27,813:INFO:_internal
2020-03-10 17:49:28,210:INFO:_internal
2020-03-10 17:49:28,711:WARNING:_internal
2020-03-10 17:49:28,717:INFO:_internal
2020-03-10 17:49:28,722:INFO:_internal
2020-03-10 17:49:32,850:INFO:_internal
2020-03-10 17:49:33,227:INFO:_internal
2020-03-10 17:49:33,738:WARNING:_internal
2020-03-10 17:49:33,744:INFO:_internal
2020-03-10 17:49:33,747:INFO:_internal
2020-03-10 17:49:34,779:INFO:_internal
2020-03-10 17:49:35,250:INFO:_internal
2020-03-10 17:49:35,772:WARNING:_internal
2020-03-10 17:49:35,778:INFO:_internal
2020-03-10 17:49:35,782:INFO:_internal
2020-03-10 17:49:41,968:INFO:_internal
2020-03-10 17:49:42,478:INFO:_internal
2020-03-10 17:49:46,573:INFO:_internal
2020-03-10 17:49:47,115:WARNING:_internal
2020-03-10 17:49:47,121:INFO:_internal
2020-03-10 17:49:47,125:INFO:_internal
2020-03-10 17:49:57,481:INFO:_internal
2020-03-10 17:49:57,887:INFO:_internal
2020-03-10 17:49:58,416:WARNING:_internal
2020-03-10 17:49:58,422:INFO:_internal
2020-03-10 17:49:58,426:INFO:_internal
2020-03-10 17:49:59,457:INFO:_internal
2020-03-10 17:49:59,937:INFO:_internal
2020-03-10 17:50:00,562:WARNING:_internal
2020-03-10 17:50:00,570:INFO:_internal
2020-03-10 17:50:00,574:INFO:_internal
2020-03-10 17:50:02,651:INFO:_internal
2020-03-10 17:50:07,844:INFO:_internal
2020-03-10 17:50:08,292:INFO:_internal
2020-03-10 17:50:08,815:WARNING:_internal
2020-03-10 17:50:08,822:INFO:_internal
2020-03-10 17:50:08,826:INFO:_internal
2020-03-10 17:50:21,307:INFO:_internal
2020-03-10 17:50:27,468:INFO:_internal
2020-03-10 17:50:27,852:INFO:_internal
2020-03-10 17:50:28,362:WARNING:_internal
2020-03-10 17:50:28,369:INFO:_internal
2020-03-10 17:50:28,372:INFO:_internal
2020-03-10 17:50:32,159:INFO:_internal
2020-03-10 17:50:32,694:WARNING:_internal
2020-03-10 17:50:32,700:INFO:_internal
2020-03-10 17:50:32,704:INFO:_internal
2020-03-10 17:50:36,675:INFO:_internal
2020-03-10 17:51:28,497:INFO:_internal
2020-03-10 17:51:28,757:INFO:_internal
2020-03-10 17:51:29,344:WARNING:_internal
2020-03-10 17:51:29,351:INFO:_internal
2020-03-10 17:51:29,519:INFO:_internal
2020-03-10 17:51:39,637:INFO:_internal
2020-03-10 17:51:40,169:WARNING:_internal
2020-03-10 17:51:40,175:INFO:_internal
2020-03-10 17:51:40,179:INFO:_internal
2020-03-10 17:51:45,825:INFO:_internal
2020-03-10 17:52:01,905:INFO:_internal
2020-03-10 17:52:02,213:INFO:_internal
2020-03-10 17:52:04,870:INFO:_internal
2020-03-10 17:52:05,414:WARNING:_internal
2020-03-10 17:52:05,420:INFO:_internal
2020-03-10 17:52:05,424:INFO:_internal
2020-03-10 17:52:07,425:INFO:_internal
2020-03-10 17:52:54,098:INFO:_internal
2020-03-10 17:52:54,502:INFO:_internal
2020-03-10 17:52:55,114:WARNING:_internal
2020-03-10 17:52:55,121:INFO:_internal
2020-03-10 17:52:55,306:INFO:_internal
2020-03-10 17:53:00,307:INFO:_internal
2020-03-10 17:53:00,643:INFO:_internal
2020-03-10 17:53:01,280:WARNING:_internal
2020-03-10 17:53:01,286:INFO:_internal
2020-03-10 17:53:01,290:INFO:_internal
2020-03-10 17:53:11,652:INFO:_internal
2020-03-10 17:53:12,069:INFO:_internal
2020-03-10 17:53:21,324:INFO:_internal
2020-03-10 17:53:21,827:WARNING:_internal
2020-03-10 17:53:21,833:INFO:_internal
2020-03-10 17:53:21,837:INFO:_internal
2020-03-10 17:53:54,856:INFO:_internal
2020-03-10 17:53:55,377:INFO:_internal
2020-03-10 17:54:13,723:INFO:_internal
2020-03-10 17:54:14,264:WARNING:_internal
2020-03-10 17:54:14,270:INFO:_internal
2020-03-10 17:54:14,274:INFO:_internal
2020-03-10 17:54:17,428:INFO:_internal
2020-03-10 17:54:33,933:INFO:_internal
2020-03-10 17:54:34,296:INFO:_internal
2020-03-10 17:54:34,803:WARNING:_internal
2020-03-10 17:54:34,810:INFO:_internal
2020-03-10 17:54:34,814:INFO:_internal
2020-03-10 17:54:38,364:INFO:_internal
2020-03-10 17:54:38,911:WARNING:_internal
2020-03-10 17:54:38,917:INFO:_internal
2020-03-10 17:54:38,922:INFO:_internal
2020-03-10 17:54:42,246:INFO:_internal
2020-03-10 18:03:59,024:INFO:_internal
2020-03-10 18:03:59,452:INFO:_internal
2020-03-10 18:04:20,573:INFO:_internal
2020-03-10 18:04:21,100:WARNING:_internal
2020-03-10 18:04:21,106:INFO:_internal
2020-03-10 18:04:21,111:INFO:_internal
2020-03-10 18:04:25,648:INFO:_internal
2020-03-10 18:04:37,654:INFO:_internal
2020-03-10 18:04:38,137:INFO:_internal
2020-03-10 18:04:38,710:WARNING:_internal
2020-03-10 18:04:38,717:INFO:_internal
2020-03-10 18:04:38,721:INFO:_internal
2020-03-10 18:16:25,749:INFO:_internal
2020-03-10 18:16:26,109:INFO:_internal
2020-03-10 18:16:37,523:INFO:_internal
2020-03-10 18:16:38,049:WARNING:_internal
2020-03-10 18:16:38,055:INFO:_internal
2020-03-10 18:16:38,060:INFO:_internal
2020-03-10 18:19:14,121:INFO:_internal
2020-03-10 18:19:14,198:INFO:_internal
2020-03-10 18:19:37,299:INFO:_internal
2020-03-10 18:19:37,838:WARNING:_internal
2020-03-10 18:19:37,845:INFO:_internal
2020-03-10 18:19:37,849:INFO:_internal
2020-03-10 18:19:41,465:INFO:_internal
2020-03-10 18:20:45,025:INFO:_internal
2020-03-10 18:20:45,413:INFO:_internal
2020-03-10 18:21:15,387:INFO:_internal
2020-03-10 18:21:15,935:WARNING:_internal
2020-03-10 18:21:15,941:INFO:_internal
2020-03-10 18:21:15,946:INFO:_internal
2020-03-10 18:21:17,934:INFO:_internal
2020-03-10 18:21:19,044:INFO:_internal
2020-03-10 18:21:34,571:INFO:_internal
2020-03-10 18:21:34,968:INFO:_internal
2020-03-10 18:23:29,629:INFO:_internal
2020-03-10 18:23:30,145:WARNING:_internal
2020-03-10 18:23:30,151:INFO:_internal
2020-03-10 18:23:30,155:INFO:_internal
2020-03-10 18:23:32,234:INFO:_internal
2020-03-10 18:23:51,878:INFO:_internal
2020-03-10 18:23:52,181:INFO:_internal
2020-03-10 18:23:52,683:WARNING:_internal
2020-03-10 18:23:52,689:INFO:_internal
2020-03-10 18:23:52,693:INFO:_internal
2020-03-10 18:25:03,000:INFO:_internal
2020-03-10 18:25:03,267:INFO:_internal
2020-03-10 18:25:03,823:WARNING:_internal
2020-03-10 18:25:03,829:INFO:_internal
2020-03-10 18:25:04,027:INFO:_internal
2020-03-10 19:23:52,237:INFO:_internal
2020-03-10 19:23:52,568:INFO:_internal
2020-03-10 19:23:53,271:WARNING:_internal
2020-03-10 19:23:53,277:INFO:_internal
2020-03-10 19:23:53,606:INFO:_internal
2020-03-10 19:47:59,791:INFO:_internal
2020-03-10 19:48:00,444:INFO:_internal
2020-03-10 19:48:02,025:WARNING:_internal
2020-03-10 19:48:02,036:INFO:_internal
2020-03-10 19:48:02,519:INFO:_internal
2020-03-11 17:47:55,326:INFO:_internal
2020-03-11 17:47:55,917:WARNING:_internal
2020-03-11 17:47:55,923:INFO:_internal
2020-03-11 17:47:55,931:INFO:_internal
2020-03-11 17:48:33,238:INFO:_internal
2020-03-11 17:48:33,469:INFO:_internal
2020-03-11 17:48:34,057:WARNING:_internal
2020-03-11 17:48:34,063:INFO:_internal
2020-03-11 17:48:34,068:INFO:_internal
2020-03-11 17:48:35,098:INFO:_internal
2020-03-11 17:48:35,579:INFO:_internal
2020-03-11 17:48:36,159:WARNING:_internal
2020-03-11 17:48:36,166:INFO:_internal
2020-03-11 17:48:36,170:INFO:_internal
2020-03-11 17:48:41,652:INFO:_internal
2020-03-11 17:48:42,222:WARNING:_internal
2020-03-11 17:48:42,228:INFO:_internal
2020-03-11 17:48:42,233:INFO:_internal
2020-03-11 17:49:01,672:INFO:_internal
2020-03-11 17:49:22,687:INFO:_internal
2020-03-11 17:49:22,788:INFO:_internal
2020-03-11 17:49:23,379:WARNING:_internal
2020-03-11 17:49:23,386:INFO:_internal
2020-03-11 17:49:23,547:INFO:_internal
2020-03-11 17:49:30,870:INFO:_internal
2020-03-11 17:49:31,389:WARNING:_internal
2020-03-11 17:49:31,396:INFO:_internal
2020-03-11 17:49:31,400:INFO:_internal
2020-03-11 17:49:34,184:INFO:_internal
2020-03-11 17:49:52,155:INFO:_internal
2020-03-11 17:49:52,425:INFO:_internal
2020-03-11 17:49:53,014:WARNING:_internal
2020-03-11 17:49:53,021:INFO:_internal
2020-03-11 17:49:53,025:INFO:_internal
2020-03-11 17:49:57,518:INFO:_internal
2020-03-11 17:49:58,039:WARNING:_internal
2020-03-11 17:49:58,046:INFO:_internal
2020-03-11 17:49:58,050:INFO:_internal
2020-03-11 17:50:00,267:INFO:_internal
2020-03-11 17:52:23,647:INFO:_internal
2020-03-11 17:52:24,248:WARNING:_internal
2020-03-11 17:52:24,255:INFO:_internal
2020-03-11 17:52:24,260:INFO:_internal
2020-03-11 17:52:26,337:INFO:_internal
2020-03-11 17:52:41,268:INFO:_internal
2020-03-11 17:52:41,865:WARNING:_internal
2020-03-11 17:52:41,872:INFO:_internal
2020-03-11 17:52:41,876:INFO:_internal
2020-03-11 17:52:43,863:INFO:_internal
2020-03-11 18:26:12,724:INFO:_internal
2020-03-11 18:26:13,332:WARNING:_internal
2020-03-11 18:26:13,339:INFO:_internal
2020-03-11 18:26:13,344:INFO:_internal
2020-03-11 18:26:15,820:INFO:_internal
2020-03-11 18:26:20,571:INFO:_internal
2020-03-11 18:26:21,038:INFO:_internal
2020-03-11 18:26:21,563:WARNING:_internal
2020-03-11 18:26:21,570:INFO:_internal
2020-03-11 18:26:21,574:INFO:_internal
2020-03-18 13:01:50,558:INFO:_internal
2020-03-18 13:01:51,167:WARNING:_internal
2020-03-18 13:01:51,176:INFO:_internal
2020-03-18 13:01:51,181:INFO:_internal
2020-03-18 13:01:59,442:INFO:_internal
2020-03-18 13:01:59,967:INFO:_internal
2020-03-18 13:02:00,638:WARNING:_internal
2020-03-18 13:02:00,644:INFO:_internal
2020-03-18 13:02:00,648:INFO:_internal
2020-03-19 14:37:05,190:INFO:_internal
2020-03-19 14:37:05,834:WARNING:_internal
2020-03-19 14:37:05,842:INFO:_internal
2020-03-19 14:37:05,848:INFO:_internal
2020-03-19 14:37:22,529:INFO:_internal
2020-03-19 14:47:27,980:INFO:_internal
2020-03-19 14:47:28,478:INFO:_internal
2020-03-19 14:48:05,318:INFO:_internal
2020-03-19 14:48:05,958:WARNING:_internal
2020-03-19 14:48:05,967:INFO:_internal
2020-03-19 14:48:05,971:INFO:_internal
2020-03-19 14:48:09,350:INFO:_internal
2020-03-19 14:48:18,403:INFO:_internal
2020-03-19 14:48:18,746:INFO:_internal
2020-03-19 14:48:19,402:WARNING:_internal
2020-03-19 14:48:19,408:INFO:_internal
2020-03-19 14:48:19,412:INFO:_internal
2020-03-19 14:48:34,656:INFO:_internal
2020-03-19 14:48:35,225:WARNING:_internal
2020-03-19 14:48:35,233:INFO:_internal
2020-03-19 14:48:35,237:INFO:_internal
2020-03-19 14:48:39,569:INFO:_internal
2020-03-19 14:48:48,702:INFO:_internal
2020-03-19 14:48:49,075:INFO:_internal
2020-03-19 14:48:56,591:INFO:_internal
2020-03-19 14:48:57,234:WARNING:_internal
2020-03-19 14:48:57,241:INFO:_internal
2020-03-19 14:48:57,245:INFO:_internal
2020-03-19 14:49:02,213:INFO:_internal
2020-03-19 14:51:57,572:INFO:_internal
2020-03-19 14:51:58,089:INFO:_internal
2020-03-19 14:51:58,731:WARNING:_internal
2020-03-19 14:51:58,738:INFO:_internal
2020-03-19 14:51:58,944:INFO:_internal
2020-03-19 14:52:07,123:INFO:_internal
2020-03-19 14:52:07,733:WARNING:_internal
2020-03-19 14:52:07,740:INFO:_internal
2020-03-19 14:52:07,744:INFO:_internal
2020-03-19 14:52:34,358:INFO:_internal
2020-03-19 14:53:07,156:INFO:_internal
2020-03-19 14:53:25,942:INFO:_internal
2020-03-19 14:53:34,308:INFO:_internal
2020-03-19 14:53:50,601:INFO:_internal
2020-03-19 14:53:57,019:INFO:_internal
2020-03-19 14:54:11,219:INFO:_internal
2020-03-19 14:54:55,758:INFO:_internal
2020-03-19 14:54:56,185:INFO:_internal
2020-03-19 14:54:56,808:WARNING:_internal
2020-03-19 14:54:56,815:INFO:_internal
2020-03-19 14:54:57,137:INFO:_internal
2020-03-19 14:55:01,082:INFO:_internal
2020-03-19 14:55:13,367:INFO:_internal
2020-03-19 14:55:13,879:INFO:_internal
2020-03-19 14:55:14,537:WARNING:_internal
2020-03-19 14:55:14,544:INFO:_internal
2020-03-19 14:55:14,548:INFO:_internal
2020-03-19 14:55:24,634:INFO:_internal
2020-03-19 14:55:25,250:WARNING:_internal
2020-03-19 14:55:25,257:INFO:_internal
2020-03-19 14:55:25,260:INFO:_internal
2020-03-19 14:55:29,328:INFO:_internal
2020-03-19 14:55:59,430:INFO:_internal
2020-03-19 14:55:59,807:INFO:_internal
2020-03-19 14:56:00,591:WARNING:_internal
2020-03-19 14:56:00,598:INFO:_internal
2020-03-19 14:56:00,910:INFO:_internal
2020-03-19 14:56:01,641:INFO:_internal
2020-03-19 14:56:02,436:INFO:_internal
2020-03-19 14:56:02,543:INFO:_internal
2020-03-19 14:56:09,259:WARNING:_internal
2020-03-19 14:56:09,265:INFO:_internal
2020-03-19 14:56:09,268:INFO:_internal
2020-03-19 14:56:24,810:INFO:_internal
2020-03-19 14:56:25,294:INFO:_internal
2020-03-19 14:56:25,906:WARNING:_internal
2020-03-19 14:56:25,913:INFO:_internal
2020-03-19 14:56:25,917:INFO:_internal
2020-03-19 14:56:28,556:INFO:_internal
2020-03-19 14:57:28,426:INFO:_internal
2020-03-19 14:58:18,386:INFO:_internal
2020-03-19 15:00:02,647:INFO:_internal
2020-03-19 15:00:03,152:INFO:_internal
2020-03-19 15:00:26,362:INFO:_internal
2020-03-19 15:00:26,979:WARNING:_internal
2020-03-19 15:00:26,986:INFO:_internal
2020-03-19 15:00:26,989:INFO:_internal
2020-03-19 15:00:33,186:INFO:_internal
2020-03-19 15:00:33,698:INFO:_internal
2020-03-19 15:00:56,408:INFO:_internal
2020-03-19 15:00:57,039:WARNING:_internal
2020-03-19 15:00:57,048:INFO:_internal
2020-03-19 15:00:57,052:INFO:_internal
2020-03-19 15:00:57,091:INFO:_internal
2020-03-19 15:02:03,366:INFO:_internal
2020-03-19 15:02:03,772:INFO:_internal
2020-03-19 15:02:16,714:WARNING:_internal
2020-03-19 15:02:16,722:INFO:_internal
2020-03-19 15:02:16,911:INFO:_internal
2020-03-19 15:02:39,471:INFO:_internal
2020-03-19 15:02:39,993:INFO:_internal
2020-03-19 15:02:40,698:WARNING:_internal
2020-03-19 15:02:40,705:INFO:_internal
2020-03-19 15:02:40,709:INFO:_internal
2020-03-19 15:02:42,629:INFO:_internal
2020-03-19 15:03:10,779:INFO:_internal
2020-03-19 15:03:11,243:INFO:_internal
2020-03-19 15:03:11,885:WARNING:_internal
2020-03-19 15:03:11,892:INFO:_internal
2020-03-19 15:03:11,896:INFO:_internal
2020-03-19 15:03:15,331:INFO:_internal
2020-03-19 15:03:15,932:WARNING:_internal
2020-03-19 15:03:15,939:INFO:_internal
2020-03-19 15:03:15,943:INFO:_internal
2020-03-19 15:03:18,601:INFO:_internal
2020-03-19 15:03:39,771:INFO:_internal
2020-03-19 15:03:40,113:INFO:_internal
2020-03-19 15:03:40,764:WARNING:_internal
2020-03-19 15:03:40,772:INFO:_internal
2020-03-19 15:03:40,905:INFO:_internal
2020-03-19 15:06:38,750:INFO:_internal
2020-03-19 15:07:52,824:INFO:_internal
2020-03-19 15:11:31,846:INFO:_internal
2020-03-19 15:11:32,279:INFO:_internal
2020-03-19 15:11:32,926:WARNING:_internal
2020-03-19 15:11:32,933:INFO:_internal
2020-03-19 15:11:33,169:INFO:_internal
2020-03-19 15:11:37,673:INFO:_internal
2020-03-19 15:11:38,699:INFO:_internal
2020-03-19 15:11:49,517:INFO:_internal
2020-03-19 15:11:49,956:INFO:_internal
2020-03-19 15:11:50,598:WARNING:_internal
2020-03-19 15:11:50,605:INFO:_internal
2020-03-19 15:11:50,610:INFO:_internal
2020-03-19 15:11:53,591:INFO:_internal
2020-03-19 15:11:54,872:INFO:_internal
2020-03-19 15:12:33,112:INFO:_internal
2020-03-19 15:12:33,567:INFO:_internal
2020-03-19 15:12:34,208:WARNING:_internal
2020-03-19 15:12:34,214:INFO:_internal
2020-03-19 15:12:34,462:INFO:_internal
2020-03-19 15:12:36,503:INFO:_internal
2020-03-19 15:12:38,382:INFO:_internal
2020-03-19 15:12:38,865:INFO:_internal
2020-03-19 15:12:39,492:WARNING:_internal
2020-03-19 15:12:39,499:INFO:_internal
2020-03-19 15:12:39,503:INFO:_internal
2020-03-19 15:12:40,857:INFO:_internal
2020-03-19 15:12:41,475:WARNING:_internal
2020-03-19 15:12:41,482:INFO:_internal
2020-03-19 15:12:41,486:INFO:_internal
2020-03-19 15:12:44,267:INFO:_internal
2020-03-19 16:21:31,413:INFO:_internal
2020-03-19 16:21:51,561:INFO:_internal
2020-03-19 16:23:10,489:INFO:_internal
2020-03-19 16:23:10,494:INFO:_internal
2020-03-19 16:23:10,776:INFO:_internal
2020-03-19 16:23:11,531:WARNING:_internal
2020-03-19 16:23:11,538:INFO:_internal
2020-03-19 16:23:11,795:INFO:_internal
2020-03-19 16:23:22,635:INFO:_internal
2020-03-19 16:23:29,376:INFO:_internal
2020-03-19 16:23:36,419:INFO:_internal
2020-03-19 16:23:36,864:INFO:_internal
2020-03-19 16:23:37,469:WARNING:_internal
2020-03-19 16:23:37,476:INFO:_internal
2020-03-19 16:23:37,480:INFO:_internal
2020-03-19 16:23:38,251:INFO:_internal
2020-03-19 16:23:47,890:INFO:_internal
2020-03-19 16:23:50,951:INFO:_internal
2020-03-19 16:23:51,270:INFO:_internal
2020-03-19 16:23:51,882:WARNING:_internal
2020-03-19 16:23:51,889:INFO:_internal
2020-03-19 16:23:51,892:INFO:_internal
2020-03-19 16:23:52,046:INFO:_internal
2020-03-19 16:24:48,960:INFO:_internal
2020-03-19 16:24:49,465:INFO:_internal
2020-03-19 16:24:50,117:WARNING:_internal
2020-03-19 16:24:50,124:INFO:_internal
2020-03-19 16:24:50,243:INFO:_internal
2020-03-19 16:24:52,939:INFO:_internal
2020-03-19 16:25:12,884:INFO:_internal
2020-03-19 16:25:13,324:INFO:_internal
2020-03-19 16:25:13,948:WARNING:_internal
2020-03-19 16:25:13,955:INFO:_internal
2020-03-19 16:25:13,959:INFO:_internal
2020-03-19 16:25:15,029:INFO:_internal
2020-03-19 16:25:23,300:INFO:_internal
2020-03-19 16:25:23,819:INFO:_internal
2020-03-19 16:25:24,421:WARNING:_internal
2020-03-19 16:25:24,428:INFO:_internal
2020-03-19 16:25:24,493:INFO:_internal
2020-03-19 16:25:24,556:INFO:_internal
2020-03-19 16:26:21,422:INFO:_internal
2020-03-19 16:26:22,450:INFO:_internal
2020-03-19 16:26:23,195:WARNING:_internal
2020-03-19 16:26:23,202:INFO:_internal
2020-03-19 16:26:23,661:INFO:_internal
2020-03-19 16:26:39,870:INFO:_internal
2020-03-19 16:26:40,406:WARNING:_internal
2020-03-19 16:26:40,412:INFO:_internal
2020-03-19 16:26:40,417:INFO:_internal
2020-03-19 16:26:41,568:INFO:_internal
2020-03-19 16:26:54,783:INFO:app
2020-03-19 16:26:54,783:INFO:_internal
2020-03-19 16:27:03,623:INFO:_internal
2020-03-19 16:27:07,242:INFO:_internal
2020-03-19 16:27:25,978:INFO:_internal
2020-03-19 16:27:26,471:INFO:_internal
2020-03-19 16:27:27,080:WARNING:_internal
2020-03-19 16:27:27,087:INFO:_internal
2020-03-19 16:27:27,452:INFO:_internal
2020-03-19 16:27:42,633:INFO:_internal
2020-03-19 16:27:43,110:INFO:_internal
2020-03-19 16:27:43,810:WARNING:_internal
2020-03-19 16:27:43,817:INFO:_internal
2020-03-19 16:27:43,821:INFO:_internal
2020-03-19 16:27:48,844:INFO:_internal
2020-03-19 16:27:49,523:WARNING:_internal
2020-03-19 16:27:49,530:INFO:_internal
2020-03-19 16:27:49,535:INFO:_internal
2020-03-19 16:28:02,059:INFO:app
2020-03-19 16:28:02,059:INFO:_internal
2020-03-19 16:28:46,750:INFO:_internal
2020-03-19 16:29:01,018:INFO:_internal
2020-03-19 16:29:01,420:INFO:_internal
2020-03-19 16:29:02,091:WARNING:_internal
2020-03-19 16:29:02,097:INFO:_internal
2020-03-19 16:29:02,250:INFO:_internal
2020-03-19 16:29:08,701:INFO:_internal
2020-03-19 16:32:37,734:INFO:_internal
2020-03-19 16:32:38,104:INFO:_internal
2020-03-19 16:32:38,816:WARNING:_internal
2020-03-19 16:32:38,822:INFO:_internal
2020-03-19 16:32:39,183:INFO:_internal
2020-03-19 16:32:43,077:INFO:app
2020-03-19 16:32:43,077:INFO:_internal
2020-03-19 16:33:05,416:INFO:_internal
2020-03-19 16:36:44,192:INFO:_internal
2020-03-19 16:36:44,625:INFO:_internal
2020-03-19 16:36:45,275:WARNING:_internal
2020-03-19 16:36:45,282:INFO:_internal
2020-03-19 16:36:45,645:INFO:_internal
2020-03-19 16:36:55,874:INFO:app
2020-03-19 16:36:55,875:INFO:_internal
2020-03-19 16:37:09,341:INFO:_internal
2020-03-19 16:37:09,947:WARNING:_internal
2020-03-19 16:37:09,953:INFO:_internal
2020-03-19 16:37:09,957:INFO:_internal
2020-03-19 16:37:16,829:INFO:app
2020-03-19 16:37:16,830:INFO:_internal
2020-03-19 16:37:30,682:INFO:_internal
2020-03-19 16:37:31,150:INFO:_internal
2020-03-19 16:37:31,726:WARNING:_internal
2020-03-19 16:37:31,732:INFO:_internal
2020-03-19 16:37:31,736:INFO:_internal
2020-03-19 16:37:33,801:INFO:_internal
2020-03-19 16:37:34,460:INFO:_internal
2020-03-19 16:37:35,130:WARNING:_internal
2020-03-19 16:37:35,136:INFO:_internal
2020-03-19 16:37:35,140:INFO:_internal
2020-03-19 16:37:41,181:INFO:_internal
2020-03-19 16:38:04,180:INFO:_internal
2020-03-19 16:38:04,680:INFO:_internal
2020-03-19 16:38:05,354:WARNING:_internal
2020-03-19 16:38:05,360:INFO:_internal
2020-03-19 16:38:06,694:INFO:_internal
2020-03-19 16:39:09,718:INFO:_internal
2020-03-19 16:39:10,139:INFO:_internal
2020-03-19 16:39:10,833:WARNING:_internal
2020-03-19 16:39:10,840:INFO:_internal
2020-03-19 16:39:11,075:INFO:_internal
2020-03-19 16:39:22,248:INFO:_internal
2020-03-19 16:39:22,741:INFO:_internal
2020-03-19 16:39:23,361:WARNING:_internal
2020-03-19 16:39:23,367:INFO:_internal
2020-03-19 16:39:23,371:INFO:_internal
2020-03-19 16:39:33,958:INFO:app
2020-03-19 16:39:33,965:INFO:_internal
2020-03-19 16:39:53,458:INFO:_internal
2020-03-19 16:39:53,914:INFO:_internal
2020-03-19 16:39:54,502:WARNING:_internal
2020-03-19 16:39:54,511:INFO:_internal
2020-03-19 16:39:54,516:INFO:_internal
2020-03-19 16:39:56,591:INFO:_internal
2020-03-19 16:40:00,951:INFO:_internal
2020-03-19 16:40:13,929:WARNING:_internal
2020-03-19 16:40:13,935:INFO:_internal
2020-03-19 16:40:14,264:INFO:_internal
2020-03-19 16:40:25,578:INFO:app
2020-03-19 16:40:25,578:INFO:_internal
2020-03-19 16:41:16,226:INFO:_internal
2020-03-19 16:41:19,763:INFO:_internal
2020-03-19 16:42:48,876:INFO:app
2020-03-19 16:42:48,876:INFO:_internal
2020-03-19 16:42:55,814:INFO:_internal
2020-03-19 16:44:54,731:INFO:_internal
2020-03-19 16:44:55,245:INFO:_internal
2020-03-19 16:44:55,951:WARNING:_internal
2020-03-19 16:44:55,958:INFO:_internal
2020-03-19 16:44:56,310:INFO:_internal
2020-03-19 16:44:57,986:INFO:_internal
2020-03-19 16:45:07,208:INFO:app
2020-03-19 16:45:07,209:INFO:_internal
2020-03-19 16:45:09,380:INFO:app
2020-03-19 16:45:09,380:INFO:_internal
2020-03-19 16:45:22,986:INFO:_internal
2020-03-19 16:45:23,498:INFO:_internal
2020-03-19 16:45:24,090:WARNING:_internal
2020-03-19 16:45:24,097:INFO:_internal
2020-03-19 16:45:24,100:INFO:_internal
2020-03-19 16:45:28,588:INFO:app
2020-03-19 16:45:28,589:INFO:_internal
2020-03-19 16:45:56,270:INFO:_internal
2020-03-19 16:45:56,770:INFO:_internal
2020-03-19 16:45:57,523:WARNING:_internal
2020-03-19 16:45:57,531:INFO:_internal
2020-03-19 16:45:57,766:INFO:_internal
2020-03-19 16:46:02,724:INFO:_internal
2020-03-19 16:46:03,169:INFO:_internal
2020-03-19 16:46:16,016:WARNING:_internal
2020-03-19 16:46:16,023:INFO:_internal
2020-03-19 16:46:16,027:INFO:_internal
2020-03-19 16:46:17,061:INFO:_internal
2020-03-19 16:46:17,535:INFO:_internal
2020-03-19 16:46:18,151:WARNING:_internal
2020-03-19 16:46:18,158:INFO:_internal
2020-03-19 16:46:18,162:INFO:_internal
2020-03-19 16:46:21,990:INFO:app
2020-03-19 16:46:21,990:INFO:_internal
2020-03-19 16:47:07,991:INFO:_internal
2020-03-19 16:47:08,354:INFO:_internal
2020-03-19 16:47:08,994:WARNING:_internal
2020-03-19 16:47:09,001:INFO:_internal
2020-03-19 16:47:09,236:INFO:_internal
2020-03-19 16:47:11,386:INFO:app
2020-03-19 16:47:11,387:INFO:_internal
2020-03-19 16:47:32,869:INFO:_internal
2020-03-19 16:47:33,260:INFO:_internal
2020-03-19 16:47:33,891:WARNING:_internal
2020-03-19 16:47:33,897:INFO:_internal
2020-03-19 16:47:33,901:INFO:_internal
2020-03-19 16:47:43,229:INFO:_internal
2020-03-19 16:47:43,604:INFO:_internal
2020-03-19 16:47:44,175:WARNING:_internal
2020-03-19 16:47:44,182:INFO:_internal
2020-03-19 16:47:44,186:INFO:_internal
2020-03-19 16:47:48,784:INFO:app
2020-03-19 16:47:48,785:INFO:_internal
2020-03-19 16:48:00,299:INFO:_internal
2020-03-19 16:48:06,984:INFO:_internal
2020-03-19 16:48:07,382:INFO:_internal
2020-03-19 16:48:07,969:WARNING:_internal
2020-03-19 16:48:07,975:INFO:_internal
2020-03-19 16:48:29,075:INFO:_internal
2020-03-19 20:40:05,699:INFO:_internal
2020-03-19 20:40:06,047:INFO:_internal
2020-03-19 20:40:06,792:WARNING:_internal
2020-03-19 20:40:06,827:INFO:_internal
2020-03-19 20:40:07,016:INFO:_internal
2020-03-19 20:40:59,725:INFO:_internal
2020-03-19 20:41:00,070:INFO:_internal
2020-03-19 20:41:00,769:WARNING:_internal
2020-03-19 20:41:00,777:INFO:_internal
2020-03-19 20:41:00,785:INFO:_internal
2020-03-19 20:41:04,613:INFO:_internal
2020-03-19 20:46:43,788:INFO:_internal
2020-03-19 20:47:46,164:INFO:_internal
2020-03-19 20:47:51,441:INFO:_internal
2020-03-19 20:48:07,639:INFO:_internal
2020-03-19 20:48:08,166:INFO:_internal
2020-03-19 20:48:08,804:WARNING:_internal
2020-03-19 20:48:08,811:INFO:_internal
2020-03-19 20:48:08,984:INFO:_internal
2020-03-19 20:48:44,064:INFO:_internal
2020-03-19 20:48:55,258:INFO:_internal
2020-03-19 20:52:31,272:INFO:_internal
2020-03-19 20:52:31,647:INFO:_internal
2020-03-19 20:52:32,293:WARNING:_internal
2020-03-19 20:52:32,300:INFO:_internal
2020-03-19 20:52:32,524:INFO:_internal
2020-03-19 20:52:33,336:INFO:_internal
2020-03-19 20:52:33,813:INFO:_internal
2020-03-19 20:52:34,423:WARNING:_internal
2020-03-19 20:52:34,431:INFO:_internal
2020-03-19 20:52:34,436:INFO:_internal
2020-03-19 20:55:15,076:INFO:_internal
2020-03-19 20:55:15,686:WARNING:_internal
2020-03-19 20:55:15,694:INFO:_internal
2020-03-19 20:55:15,697:INFO:_internal
2020-03-19 20:55:44,772:INFO:_internal
2020-03-19 20:56:14,063:INFO:_internal
2020-03-19 20:56:19,940:INFO:_internal
2020-03-19 20:56:23,634:INFO:_internal
2020-03-19 20:56:30,798:INFO:_internal
2020-03-19 20:56:45,194:INFO:_internal
2020-03-19 20:56:49,122:INFO:_internal
2020-03-19 20:56:58,507:INFO:_internal
2020-03-19 20:57:07,258:INFO:_internal
2020-03-19 20:59:01,999:INFO:_internal
2020-03-19 20:59:14,432:INFO:_internal
2020-03-19 20:59:35,475:INFO:_internal
2020-03-19 20:59:41,089:INFO:_internal
2020-03-19 21:02:36,711:INFO:_internal
2020-03-19 21:02:43,611:INFO:_internal
2020-03-19 21:31:55,614:INFO:_internal
2020-03-19 21:31:56,173:WARNING:_internal
2020-03-19 21:31:56,180:INFO:_internal
2020-03-19 21:31:56,184:INFO:_internal
2020-03-19 21:32:11,977:INFO:_internal
2020-03-19 21:32:17,452:INFO:_internal
2020-03-19 21:32:42,373:INFO:_internal
2020-03-19 21:32:54,110:INFO:_internal
2020-03-19 21:33:23,754:INFO:_internal
2020-03-19 21:33:47,332:INFO:_internal
2020-03-19 21:34:35,896:INFO:_internal
2020-03-19 21:34:46,757:INFO:_internal
2020-03-19 21:35:36,086:INFO:_internal
2020-03-19 21:35:47,486:INFO:_internal
2020-03-19 21:37:57,085:INFO:_internal
2020-03-19 21:38:02,294:INFO:_internal
2020-03-19 21:39:23,045:INFO:_internal
2020-03-19 21:39:23,671:WARNING:_internal
2020-03-19 21:39:23,679:INFO:_internal
2020-03-19 21:39:23,683:INFO:_internal
2020-03-19 21:39:29,705:INFO:_internal
2020-03-19 21:39:34,129:INFO:_internal
2020-03-19 21:39:38,043:INFO:_internal
2020-03-19 21:40:28,531:INFO:_internal
2020-03-19 21:48:27,749:INFO:_internal
2020-03-19 21:48:31,740:INFO:_internal
2020-03-19 21:49:41,179:INFO:_internal
2020-03-19 21:49:41,703:WARNING:_internal
2020-03-19 21:49:41,710:INFO:_internal
2020-03-19 21:49:41,713:INFO:_internal
2020-03-19 21:49:59,036:INFO:_internal
2020-03-19 21:50:02,931:INFO:_internal
2020-03-19 21:55:19,288:INFO:_internal
2020-03-19 21:55:19,800:WARNING:_internal
2020-03-19 21:55:19,807:INFO:_internal
2020-03-19 21:55:19,810:INFO:_internal
2020-03-19 21:55:33,107:INFO:_internal
2020-03-19 21:55:37,606:INFO:_internal
2020-03-19 21:56:12,723:INFO:_internal
2020-03-19 21:56:16,703:INFO:_internal
2020-03-19 21:59:29,681:INFO:_internal
2020-03-19 21:59:33,121:INFO:_internal
2020-03-19 22:01:49,849:INFO:_internal
2020-03-19 22:03:15,790:INFO:_internal
2020-03-19 22:03:16,273:INFO:_internal
2020-03-19 22:03:16,911:WARNING:_internal
2020-03-19 22:03:16,918:INFO:_internal
2020-03-19 22:03:17,086:INFO:_internal
2020-03-19 22:03:24,012:INFO:_internal
2020-03-19 22:03:24,621:WARNING:_internal
2020-03-19 22:03:24,629:INFO:_internal
2020-03-19 22:03:24,633:INFO:_internal
2020-03-19 22:03:28,928:INFO:_internal
2020-03-19 22:05:11,546:INFO:_internal
2020-03-19 22:05:11,791:INFO:_internal
2020-03-19 22:05:53,627:INFO:_internal
2020-03-19 22:05:54,234:WARNING:_internal
2020-03-19 22:05:54,241:INFO:_internal
2020-03-19 22:05:54,245:INFO:_internal
2020-03-19 22:05:55,764:INFO:_internal
2020-03-19 22:06:17,115:INFO:_internal
2020-03-19 22:06:17,589:INFO:_internal
2020-03-19 22:06:18,225:WARNING:_internal
2020-03-19 22:06:18,232:INFO:_internal
2020-03-19 22:06:18,237:INFO:_internal
2020-03-19 22:06:20,442:INFO:_internal
2020-03-19 22:06:37,976:INFO:_internal
2020-03-19 22:06:38,264:INFO:_internal
2020-03-19 22:06:38,851:WARNING:_internal
2020-03-19 22:06:38,858:INFO:_internal
2020-03-19 22:06:38,862:INFO:_internal
2020-03-19 23:04:55,673:INFO:_internal
2020-03-19 23:04:56,023:INFO:_internal
2020-03-19 23:04:56,665:WARNING:_internal
2020-03-19 23:04:56,672:INFO:_internal
2020-03-19 23:04:56,886:INFO:_internal
2020-03-19 23:05:03,944:INFO:_internal
2020-03-19 23:05:04,412:INFO:_internal
2020-03-19 23:05:05,021:WARNING:_internal
2020-03-19 23:05:05,028:INFO:_internal
2020-03-19 23:05:05,032:INFO:_internal
2020-03-19 23:05:19,578:INFO:_internal
2020-03-19 23:05:20,053:INFO:_internal
2020-03-19 23:05:20,645:WARNING:_internal
2020-03-19 23:05:20,652:INFO:_internal
2020-03-19 23:05:20,656:INFO:_internal
2020-03-19 23:05:39,332:INFO:_internal
2020-03-19 23:05:39,719:INFO:_internal
2020-03-19 23:05:40,283:WARNING:_internal
2020-03-19 23:05:40,290:INFO:_internal
2020-03-19 23:05:40,294:INFO:_internal
2020-03-19 23:05:46,541:INFO:_internal
2020-03-19 23:05:46,942:INFO:_internal
2020-03-19 23:05:47,468:WARNING:_internal
2020-03-19 23:05:47,475:INFO:_internal
2020-03-19 23:05:47,478:INFO:_internal
2020-03-19 23:05:55,553:INFO:_internal
2020-03-19 23:06:00,834:INFO:_internal
2020-03-20 00:49:32,730:INFO:_internal
2020-03-20 00:49:33,084:INFO:_internal
2020-03-20 00:49:33,765:WARNING:_internal
2020-03-20 00:49:33,772:INFO:_internal
2020-03-20 00:49:33,969:INFO:_internal
2020-03-20 00:49:35,878:INFO:_internal
2020-03-20 00:49:36,284:INFO:_internal
2020-03-20 00:49:36,818:WARNING:_internal
2020-03-20 00:49:36,825:INFO:_internal
2020-03-20 00:49:36,829:INFO:_internal
2020-03-20 00:49:44,093:INFO:_internal
2020-03-20 00:49:44,501:INFO:_internal
2020-03-20 00:49:45,034:WARNING:_internal
2020-03-20 00:49:45,041:INFO:_internal
2020-03-20 00:49:45,045:INFO:_internal
2020-03-20 00:49:49,886:INFO:_internal
2020-03-20 00:49:50,406:WARNING:_internal
2020-03-20 00:49:50,413:INFO:_internal
2020-03-20 00:49:50,417:INFO:_internal
2020-03-20 00:50:21,870:INFO:_internal
2020-03-20 00:50:31,912:INFO:_internal
2020-03-20 00:50:58,007:INFO:_internal
2020-03-20 00:50:58,487:INFO:_internal
2020-03-20 00:50:59,135:WARNING:_internal
2020-03-20 00:50:59,144:INFO:_internal
2020-03-20 00:50:59,297:INFO:_internal
2020-03-20 00:51:13,825:INFO:_internal
2020-03-20 00:51:21,697:INFO:_internal
2020-03-20 00:51:41,598:INFO:_internal
2020-03-20 00:51:52,351:INFO:_internal
2020-03-20 00:52:17,561:INFO:_internal
2020-03-20 00:52:23,235:INFO:_internal
2020-03-20 00:52:35,776:INFO:_internal
2020-03-20 00:52:44,299:INFO:_internal
2020-03-20 00:53:11,476:INFO:_internal
2020-03-20 00:53:16,834:INFO:_internal
2020-03-20 00:53:42,972:INFO:_internal
2020-03-20 00:53:50,864:INFO:_internal
2020-03-20 00:54:40,888:INFO:_internal
2020-03-20 00:54:56,305:INFO:_internal
2020-03-20 00:55:01,697:INFO:_internal
2020-03-20 01:04:58,849:INFO:_internal
2020-03-20 01:04:59,281:INFO:_internal
2020-03-20 01:04:59,900:WARNING:_internal
2020-03-20 01:04:59,908:INFO:_internal
2020-03-20 01:05:00,071:INFO:_internal
2020-03-20 01:05:08,216:INFO:_internal
2020-03-20 01:05:08,692:INFO:_internal
2020-03-20 01:05:09,253:WARNING:_internal
2020-03-20 01:05:09,260:INFO:_internal
2020-03-20 01:05:09,264:INFO:_internal
2020-03-20 01:05:10,298:INFO:_internal
2020-03-20 01:05:10,776:INFO:_internal
2020-03-20 01:05:11,307:WARNING:_internal
2020-03-20 01:05:11,314:INFO:_internal
2020-03-20 01:05:11,317:INFO:_internal
2020-03-20 01:05:34,231:INFO:_internal
2020-03-20 01:05:46,611:INFO:_internal
2020-03-20 01:05:47,142:INFO:_internal
2020-03-20 01:05:47,724:WARNING:_internal
2020-03-20 01:05:47,731:INFO:_internal
2020-03-20 01:05:47,734:INFO:_internal
2020-03-20 01:05:53,292:INFO:_internal
2020-03-20 01:06:05,379:INFO:_internal
2020-03-20 01:11:29,590:INFO:_internal
2020-03-20 01:11:38,264:INFO:_internal
2020-03-20 01:12:19,846:INFO:_internal
2020-03-20 01:12:20,307:INFO:_internal
2020-03-20 01:12:20,908:WARNING:_internal
2020-03-20 01:12:20,924:INFO:_internal
2020-03-20 01:12:21,089:INFO:_internal
2020-03-20 01:12:28,726:INFO:_internal
2020-03-20 01:12:39,769:INFO:_internal
2020-03-20 01:12:47,961:INFO:_internal
2020-03-20 01:12:48,497:WARNING:_internal
2020-03-20 01:12:48,504:INFO:_internal
2020-03-20 01:12:48,508:INFO:_internal
2020-03-20 01:13:00,966:INFO:_internal
2020-03-20 01:13:01,221:INFO:_internal
2020-03-20 01:13:01,772:WARNING:_internal
2020-03-20 01:13:01,779:INFO:_internal
2020-03-20 01:13:01,783:INFO:_internal
2020-03-20 01:13:06,324:INFO:_internal
2020-03-20 01:13:15,997:INFO:_internal
2020-03-20 01:13:16,541:WARNING:_internal
2020-03-20 01:13:16,548:INFO:_internal
2020-03-20 01:13:16,552:INFO:_internal
2020-03-20 01:13:21,742:INFO:_internal
2020-03-20 01:13:22,226:INFO:_internal
2020-03-20 01:13:22,833:WARNING:_internal
2020-03-20 01:13:22,840:INFO:_internal
2020-03-20 01:13:22,993:INFO:_internal
2020-03-20 01:13:24,779:INFO:_internal
2020-03-20 01:13:57,081:INFO:_internal
2020-03-20 01:13:57,386:INFO:_internal
2020-03-20 01:13:57,950:WARNING:_internal
2020-03-20 01:13:57,957:INFO:_internal
2020-03-20 01:13:57,961:INFO:_internal
2020-03-20 01:14:07,403:INFO:_internal
2020-03-20 01:14:12,998:INFO:_internal
2020-03-20 01:14:14,372:INFO:_internal
2020-03-20 01:14:15,093:INFO:_internal
2020-03-20 01:14:17,362:INFO:_internal
2020-03-20 01:14:21,847:INFO:_internal
2020-03-20 01:14:42,844:INFO:_internal
2020-03-20 01:14:48,208:INFO:_internal
2020-03-20 01:15:03,415:INFO:_internal
2020-03-20 01:15:03,932:INFO:_internal
2020-03-20 01:15:04,558:WARNING:_internal
2020-03-20 01:15:04,565:INFO:_internal
2020-03-20 01:15:04,744:INFO:_internal
2020-03-20 01:17:31,850:INFO:_internal
2020-03-20 01:17:37,482:INFO:_internal
2020-03-20 01:17:40,424:INFO:_internal
2020-03-20 01:17:45,801:INFO:_internal
2020-03-20 01:17:46,259:INFO:_internal
2020-03-20 01:17:46,856:WARNING:_internal
2020-03-20 01:17:46,864:INFO:_internal
2020-03-20 01:17:46,970:INFO:_internal
2020-03-20 01:18:47,151:INFO:_internal
2020-03-20 01:18:47,432:INFO:_internal
2020-03-20 01:18:48,062:WARNING:_internal
2020-03-20 01:18:48,069:INFO:_internal
2020-03-20 01:18:48,234:INFO:_internal
2020-03-20 01:19:07,805:INFO:_internal
2020-03-20 01:19:08,098:INFO:_internal
2020-03-20 01:19:08,627:WARNING:_internal
2020-03-20 01:19:08,634:INFO:_internal
2020-03-20 01:19:08,638:INFO:_internal
2020-03-20 01:19:11,742:INFO:_internal
2020-03-20 01:19:12,149:INFO:_internal
2020-03-20 01:19:12,673:WARNING:_internal
2020-03-20 01:19:12,680:INFO:_internal
2020-03-20 01:19:12,684:INFO:_internal
2020-03-20 01:19:19,942:INFO:_internal
2020-03-20 01:19:20,353:INFO:_internal
2020-03-20 01:19:20,884:WARNING:_internal
2020-03-20 01:19:20,891:INFO:_internal
2020-03-20 01:19:20,896:INFO:_internal
2020-03-20 01:22:56,257:INFO:_internal
2020-03-20 01:22:56,647:INFO:_internal
2020-03-20 01:22:57,274:WARNING:_internal
2020-03-20 01:22:57,281:INFO:_internal
2020-03-20 01:22:57,442:INFO:_internal
2020-03-20 01:23:13,915:INFO:_internal
2020-03-20 01:23:14,312:INFO:_internal
2020-03-20 01:23:14,843:WARNING:_internal
2020-03-20 01:23:14,849:INFO:_internal
2020-03-20 01:23:14,853:INFO:_internal
2020-03-20 01:23:24,378:INFO:_internal
